skipped: 37    twoCellTemp ----
skipped: 36    oneCellBMS ----
skipped: 35    threeBMS ----
linked : 34    main 0095
linked : 33    teamInfoPage 02A3
linked : 32    errorScreenInit 032A
linked : 31    motorControlInit 03B5
linked : 30    BMSPack1Init 041E
linked : 29    BMSMenuInit 059F
linked : 28    diagnosticModeInit 0634
linked : 27    driveModeInit 06C5
linked : 26    startUp 07E4
linked : 25    getBMSData 0835
skipped: 24    logData ----
linked : 23    checkSpeed 0A42
linked : 22    systemConfig 0A7B
skipped: 21    checkConnections ----
linked : 20    updateDisplay 0AF4
linked : 19    changeDisplayMode 14C7
skipped: 18    serialCommands ----
linked : 17    processTouch 1550
linked : 16    errorCheck 181A
linked : 15    initScreenSetup 199A
linked : 14    getAnalogCurrent 1A48
linked : 13    getAnalogTemp 1A5F
linked : 12    getAnalogVolt 1A6D
skipped: 11    println ----
linked : 10    getMaxTemp 1A7D
linked : 9     get2Bytes 1AE8
linked : 8     getCellNum 1AF9
linked : 7     getBMSAd 1B3E
linked : 6     BMSRead2 1B52
skipped: 5     BMSRead4 ----
linked : 4     BMSRead8 1BA8
linked : 3     BMSWrite 1C98
linked : 2     decFromChar 1CED
linked : 1     ledDigitsDisplay 1D05
